ok - fm-spawn/fm-promote: authorized intent preserves exact words and refuses operator-address lines
ok - fm-spawn: every legacy worker receives scoped role instructions without changing project or primary instructions
ok - fm-spawn: a ship spawn requires a valid explicit mode and yolo before anything is created
ok - fm-spawn: scout and secondmate spawns refuse ship delivery flags
ok - fm-spawn: the brief's recorded mode and the spawn's explicit mode must agree
ok - fm-spawn: a push mode refuses a brief whose task text forbids the push or the PR
ok - fm-spawn: the delivery-refusal classifier reads the whole Task block, Captain's intent and Firstmate spec alike
ok - fm-spawn: a delivery classifier stage that cannot run refuses the spawn instead of launching it
ok - fm-brief: all three modes still state the stop point their contract promises
ok - fm-spawn: a rigor downgrade against the registered posture is announced, never blocked
ok - fm-spawn: a scout spawn resolves no delivery posture from the registry
ok - fm-promote: promotion requires the delivery contract and records it exactly once
ok - fm-promote: a symlinked task record is refused and its target is left untouched
ok - fm-promote: a promoted worker receives the same mode-specific delivery contract a briefed one does
ok - fm-spawn: --fast-lane is ship-and-no-mistakes only and is recorded on success
ok - fm-spawn: the brief's recorded lane and the spawn flag must agree exactly
ok - fm-promote: --fast-lane records the lane and delivers the one-round contract
ok - fm-project-mode: the conditional policy is accepted, mapped for mechanical callers, and readable raw
ok - fm-spawn/fm-promote: leftover Task placeholders are refused until both subsections are filled
# all fm-task-delivery tests passed
